Tree:
1
 \
  2
   \
    3
     \
      5
       \
        8
         \
         13
           \
           21
             \
             34
               \
               55

#nodes = 9,  #leaves = 1
Infix  : 1 2 3 5 8 13 21 34 55 
Prefix : 1 2 3 5 8 13 21 34 55 
Postfix: 55 34 21 13 8 5 3 2 1 
ByLevel: 1 2 3 5 8 13 21 34 55 
