Tree:
50
  \
  73
    \
    74
      \
      75
        \
        76
          \
          100
            \
            122
              \
              123
                \
                124
                  \
                  125
                    \
                    126
                      \
                      130
                        \
                        131
                          \
                          150

#nodes = 14,  #leaves = 1
Infix  : 50 73 74 75 76 100 122 123 124 125 126 130 131 150 
Prefix : 50 73 74 75 76 100 122 123 124 125 126 130 131 150 
Postfix: 150 131 130 126 125 124 123 122 100 76 75 74 73 50 
ByLevel: 50 73 74 75 76 100 122 123 124 125 126 130 131 150 
